Archive member included to satisfy reference by file (symbol)

/usr/lib/gcc/arm-none-eabi/5.3.0/armv6-m/libgcc.a(_udivsi3.o)
                              build/system_MKL03Z4.o (__aeabi_uidiv)
/usr/lib/gcc/arm-none-eabi/5.3.0/armv6-m/libgcc.a(_dvmd_tls.o)
                              /usr/lib/gcc/arm-none-eabi/5.3.0/armv6-m/libgcc.a(_udivsi3.o) (__aeabi_idiv0)
/usr/lib/gcc/arm-none-eabi/5.3.0/../../../../arm-none-eabi/lib/armv6-m/libc_nano.a(lib_a-atexit.o)
                              /usr/lib/gcc/arm-none-eabi/5.3.0/../../../../arm-none-eabi/lib/armv6-m/crt0.o (atexit)
/usr/lib/gcc/arm-none-eabi/5.3.0/../../../../arm-none-eabi/lib/armv6-m/libc_nano.a(lib_a-exit.o)
                              /usr/lib/gcc/arm-none-eabi/5.3.0/../../../../arm-none-eabi/lib/armv6-m/crt0.o (exit)
/usr/lib/gcc/arm-none-eabi/5.3.0/../../../../arm-none-eabi/lib/armv6-m/libc_nano.a(lib_a-fini.o)
                              /usr/lib/gcc/arm-none-eabi/5.3.0/../../../../arm-none-eabi/lib/armv6-m/crt0.o (__libc_fini_array)
/usr/lib/gcc/arm-none-eabi/5.3.0/../../../../arm-none-eabi/lib/armv6-m/libc_nano.a(lib_a-impure.o)
                              /usr/lib/gcc/arm-none-eabi/5.3.0/../../../../arm-none-eabi/lib/armv6-m/libc_nano.a(lib_a-exit.o) (_global_impure_ptr)
/usr/lib/gcc/arm-none-eabi/5.3.0/../../../../arm-none-eabi/lib/armv6-m/libc_nano.a(lib_a-init.o)
                              /usr/lib/gcc/arm-none-eabi/5.3.0/../../../../arm-none-eabi/lib/armv6-m/crt0.o (__libc_init_array)
/usr/lib/gcc/arm-none-eabi/5.3.0/../../../../arm-none-eabi/lib/armv6-m/libc_nano.a(lib_a-memset.o)
                              /usr/lib/gcc/arm-none-eabi/5.3.0/../../../../arm-none-eabi/lib/armv6-m/crt0.o (memset)
/usr/lib/gcc/arm-none-eabi/5.3.0/../../../../arm-none-eabi/lib/armv6-m/libc_nano.a(lib_a-__atexit.o)
                              /usr/lib/gcc/arm-none-eabi/5.3.0/../../../../arm-none-eabi/lib/armv6-m/libc_nano.a(lib_a-atexit.o) (__register_exitproc)
/usr/lib/gcc/arm-none-eabi/5.3.0/../../../../arm-none-eabi/lib/armv6-m/libc_nano.a(lib_a-__call_atexit.o)
                              /usr/lib/gcc/arm-none-eabi/5.3.0/../../../../arm-none-eabi/lib/armv6-m/libc_nano.a(lib_a-__atexit.o) (__call_exitprocs)
/usr/lib/gcc/arm-none-eabi/5.3.0/../../../../arm-none-eabi/lib/armv6-m/libnosys.a(_exit.o)
                              /usr/lib/gcc/arm-none-eabi/5.3.0/../../../../arm-none-eabi/lib/armv6-m/libc_nano.a(lib_a-exit.o) (_exit)

Allocating common symbols
Common symbol       size              file

ADCConversionMult   0x20              build/adc.o
txBufFilled         0x4               build/i2c.o
txIndex             0x4               build/i2c.o
registers           0xa               build/i2c.o
txBuf               0x1e              build/i2c.o
dummy_read          0x1               build/i2c.o
rxBuf               0x1e              build/i2c.o
ADCResultDirty      0x4               build/adc.o
destAddress         0x1               build/i2c.o
ADCResults          0x10              build/adc.o
ADCResultIndex      0x4               build/adc.o
rxIndex             0x4               build/i2c.o

Discarded input sections

 .text          0x0000000000000000        0x0 /usr/lib/gcc/arm-none-eabi/5.3.0/armv6-m/crti.o
 .data          0x0000000000000000        0x0 /usr/lib/gcc/arm-none-eabi/5.3.0/armv6-m/crti.o
 .bss           0x0000000000000000        0x0 /usr/lib/gcc/arm-none-eabi/5.3.0/armv6-m/crti.o
 .text          0x0000000000000000        0x0 /usr/lib/gcc/arm-none-eabi/5.3.0/armv6-m/crtbegin.o
 .data          0x0000000000000000        0x0 /usr/lib/gcc/arm-none-eabi/5.3.0/armv6-m/crtbegin.o
 .bss           0x0000000000000000        0x0 /usr/lib/gcc/arm-none-eabi/5.3.0/armv6-m/crtbegin.o
 .data.__dso_handle
                0x0000000000000000        0x4 /usr/lib/gcc/arm-none-eabi/5.3.0/armv6-m/crtbegin.o
 .data          0x0000000000000000        0x0 /usr/lib/gcc/arm-none-eabi/5.3.0/../../../../arm-none-eabi/lib/armv6-m/crt0.o
 .bss           0x0000000000000000        0x0 /usr/lib/gcc/arm-none-eabi/5.3.0/../../../../arm-none-eabi/lib/armv6-m/crt0.o
 .ARM.extab     0x0000000000000000        0x0 /usr/lib/gcc/arm-none-eabi/5.3.0/../../../../arm-none-eabi/lib/armv6-m/crt0.o
 .text          0x0000000000000000        0x0 build/system_MKL03Z4.o
 .data          0x0000000000000000        0x0 build/system_MKL03Z4.o
 .bss           0x0000000000000000        0x0 build/system_MKL03Z4.o
 .text.SystemCoreClockUpdate
                0x0000000000000000       0x64 build/system_MKL03Z4.o
 .data.SystemCoreClock
                0x0000000000000000        0x4 build/system_MKL03Z4.o
 .text          0x0000000000000000        0x0 build/main.o
 .data          0x0000000000000000        0x0 build/main.o
 .bss           0x0000000000000000        0x0 build/main.o
 .text          0x0000000000000000        0x0 build/delay.o
 .data          0x0000000000000000        0x0 build/delay.o
 .bss           0x0000000000000000        0x0 build/delay.o
 .text.delay    0x0000000000000000       0x38 build/delay.o
 .comment       0x0000000000000000       0x1e build/delay.o
 .ARM.attributes
                0x0000000000000000       0x32 build/delay.o
 .text          0x0000000000000000        0x0 build/i2c.o
 .data          0x0000000000000000        0x0 build/i2c.o
 .bss           0x0000000000000000        0x0 build/i2c.o
 .text.i2c_init
                0x0000000000000000       0x50 build/i2c.o
 .text          0x0000000000000000        0x0 build/uart.o
 .data          0x0000000000000000        0x0 build/uart.o
 .bss           0x0000000000000000        0x0 build/uart.o
 .text.uartInit
                0x0000000000000000       0x6c build/uart.o
 .text.uartPutCharBlock
                0x0000000000000000       0x18 build/uart.o
 .text.uartPutStringBlock
                0x0000000000000000       0x14 build/uart.o
 .comment       0x0000000000000000       0x1e build/uart.o
 .ARM.attributes
                0x0000000000000000       0x32 build/uart.o
 .text          0x0000000000000000        0x0 build/adc.o
 .data          0x0000000000000000        0x0 build/adc.o
 .bss           0x0000000000000000        0x0 build/adc.o
 .text.VREF_init
                0x0000000000000000       0x24 build/adc.o
 .text.ADC0_INIT
                0x0000000000000000       0x84 build/adc.o
 .data          0x0000000000000000        0x0 build/startup_MKL03Z4.o
 .bss           0x0000000000000000        0x0 build/startup_MKL03Z4.o
 .text          0x0000000000000000       0x9c /usr/lib/gcc/arm-none-eabi/5.3.0/armv6-m/libgcc.a(_udivsi3.o)
 .data          0x0000000000000000        0x0 /usr/lib/gcc/arm-none-eabi/5.3.0/armv6-m/libgcc.a(_udivsi3.o)
 .bss           0x0000000000000000        0x0 /usr/lib/gcc/arm-none-eabi/5.3.0/armv6-m/libgcc.a(_udivsi3.o)
 .debug_frame   0x0000000000000000       0x20 /usr/lib/gcc/arm-none-eabi/5.3.0/armv6-m/libgcc.a(_udivsi3.o)
 .ARM.attributes
                0x0000000000000000       0x1e /usr/lib/gcc/arm-none-eabi/5.3.0/armv6-m/libgcc.a(_udivsi3.o)
 .text          0x0000000000000000        0x4 /usr/lib/gcc/arm-none-eabi/5.3.0/armv6-m/libgcc.a(_dvmd_tls.o)
 .data          0x0000000000000000        0x0 /usr/lib/gcc/arm-none-eabi/5.3.0/armv6-m/libgcc.a(_dvmd_tls.o)
 .bss           0x0000000000000000        0x0 /usr/lib/gcc/arm-none-eabi/5.3.0/armv6-m/libgcc.a(_dvmd_tls.o)
 .ARM.attributes
                0x0000000000000000       0x1e /usr/lib/gcc/arm-none-eabi/5.3.0/armv6-m/libgcc.a(_dvmd_tls.o)
 .text          0x0000000000000000        0x0 /usr/lib/gcc/arm-none-eabi/5.3.0/../../../../arm-none-eabi/lib/armv6-m/libc_nano.a(lib_a-atexit.o)
 .data          0x0000000000000000        0x0 /usr/lib/gcc/arm-none-eabi/5.3.0/../../../../arm-none-eabi/lib/armv6-m/libc_nano.a(lib_a-atexit.o)
 .bss           0x0000000000000000        0x0 /usr/lib/gcc/arm-none-eabi/5.3.0/../../../../arm-none-eabi/lib/armv6-m/libc_nano.a(lib_a-atexit.o)
 .text          0x0000000000000000        0x0 /usr/lib/gcc/arm-none-eabi/5.3.0/../../../../arm-none-eabi/lib/armv6-m/libc_nano.a(lib_a-exit.o)
 .data          0x0000000000000000        0x0 /usr/lib/gcc/arm-none-eabi/5.3.0/../../../../arm-none-eabi/lib/armv6-m/libc_nano.a(lib_a-exit.o)
 .bss           0x0000000000000000        0x0 /usr/lib/gcc/arm-none-eabi/5.3.0/../../../../arm-none-eabi/lib/armv6-m/libc_nano.a(lib_a-exit.o)
 .text          0x0000000000000000        0x0 /usr/lib/gcc/arm-none-eabi/5.3.0/../../../../arm-none-eabi/lib/armv6-m/libc_nano.a(lib_a-fini.o)
 .data          0x0000000000000000        0x0 /usr/lib/gcc/arm-none-eabi/5.3.0/../../../../arm-none-eabi/lib/armv6-m/libc_nano.a(lib_a-fini.o)
 .bss           0x0000000000000000        0x0 /usr/lib/gcc/arm-none-eabi/5.3.0/../../../../arm-none-eabi/lib/armv6-m/libc_nano.a(lib_a-fini.o)
 .text          0x0000000000000000        0x0 /usr/lib/gcc/arm-none-eabi/5.3.0/../../../../arm-none-eabi/lib/armv6-m/libc_nano.a(lib_a-impure.o)
 .data          0x0000000000000000        0x0 /usr/lib/gcc/arm-none-eabi/5.3.0/../../../../arm-none-eabi/lib/armv6-m/libc_nano.a(lib_a-impure.o)
 .bss           0x0000000000000000        0x0 /usr/lib/gcc/arm-none-eabi/5.3.0/../../../../arm-none-eabi/lib/armv6-m/libc_nano.a(lib_a-impure.o)
 .data._impure_ptr
                0x0000000000000000        0x4 /usr/lib/gcc/arm-none-eabi/5.3.0/../../../../arm-none-eabi/lib/armv6-m/libc_nano.a(lib_a-impure.o)
 .text          0x0000000000000000        0x0 /usr/lib/gcc/arm-none-eabi/5.3.0/../../../../arm-none-eabi/lib/armv6-m/libc_nano.a(lib_a-init.o)
 .data          0x0000000000000000        0x0 /usr/lib/gcc/arm-none-eabi/5.3.0/../../../../arm-none-eabi/lib/armv6-m/libc_nano.a(lib_a-init.o)
 .bss           0x0000000000000000        0x0 /usr/lib/gcc/arm-none-eabi/5.3.0/../../../../arm-none-eabi/lib/armv6-m/libc_nano.a(lib_a-init.o)
 .text          0x0000000000000000        0x0 /usr/lib/gcc/arm-none-eabi/5.3.0/../../../../arm-none-eabi/lib/armv6-m/libc_nano.a(lib_a-memset.o)
 .data          0x0000000000000000        0x0 /usr/lib/gcc/arm-none-eabi/5.3.0/../../../../arm-none-eabi/lib/armv6-m/libc_nano.a(lib_a-memset.o)
 .bss           0x0000000000000000        0x0 /usr/lib/gcc/arm-none-eabi/5.3.0/../../../../arm-none-eabi/lib/armv6-m/libc_nano.a(lib_a-memset.o)
 .text          0x0000000000000000        0x0 /usr/lib/gcc/arm-none-eabi/5.3.0/../../../../arm-none-eabi/lib/armv6-m/libc_nano.a(lib_a-__atexit.o)
 .data          0x0000000000000000        0x0 /usr/lib/gcc/arm-none-eabi/5.3.0/../../../../arm-none-eabi/lib/armv6-m/libc_nano.a(lib_a-__atexit.o)
 .bss           0x0000000000000000        0x0 /usr/lib/gcc/arm-none-eabi/5.3.0/../../../../arm-none-eabi/lib/armv6-m/libc_nano.a(lib_a-__atexit.o)
 .data.__atexit_dummy
                0x0000000000000000        0x4 /usr/lib/gcc/arm-none-eabi/5.3.0/../../../../arm-none-eabi/lib/armv6-m/libc_nano.a(lib_a-__atexit.o)
 .text          0x0000000000000000        0x0 /usr/lib/gcc/arm-none-eabi/5.3.0/../../../../arm-none-eabi/lib/armv6-m/libc_nano.a(lib_a-__call_atexit.o)
 .data          0x0000000000000000        0x0 /usr/lib/gcc/arm-none-eabi/5.3.0/../../../../arm-none-eabi/lib/armv6-m/libc_nano.a(lib_a-__call_atexit.o)
 .bss           0x0000000000000000        0x0 /usr/lib/gcc/arm-none-eabi/5.3.0/../../../../arm-none-eabi/lib/armv6-m/libc_nano.a(lib_a-__call_atexit.o)
 .text          0x0000000000000000        0x0 /usr/lib/gcc/arm-none-eabi/5.3.0/../../../../arm-none-eabi/lib/armv6-m/libnosys.a(_exit.o)
 .data          0x0000000000000000        0x0 /usr/lib/gcc/arm-none-eabi/5.3.0/../../../../arm-none-eabi/lib/armv6-m/libnosys.a(_exit.o)
 .bss           0x0000000000000000        0x0 /usr/lib/gcc/arm-none-eabi/5.3.0/../../../../arm-none-eabi/lib/armv6-m/libnosys.a(_exit.o)
 .text          0x0000000000000000        0x0 /usr/lib/gcc/arm-none-eabi/5.3.0/armv6-m/crtend.o
 .data          0x0000000000000000        0x0 /usr/lib/gcc/arm-none-eabi/5.3.0/armv6-m/crtend.o
 .bss           0x0000000000000000        0x0 /usr/lib/gcc/arm-none-eabi/5.3.0/armv6-m/crtend.o
 .eh_frame      0x0000000000000000        0x4 /usr/lib/gcc/arm-none-eabi/5.3.0/armv6-m/crtend.o
 .text          0x0000000000000000        0x0 /usr/lib/gcc/arm-none-eabi/5.3.0/armv6-m/crtn.o
 .data          0x0000000000000000        0x0 /usr/lib/gcc/arm-none-eabi/5.3.0/armv6-m/crtn.o
 .bss           0x0000000000000000        0x0 /usr/lib/gcc/arm-none-eabi/5.3.0/armv6-m/crtn.o

Memory Configuration

Name             Origin             Length             Attributes
m_interrupts     0x0000000000000000 0x0000000000000100 xr
m_flash_config   0x0000000000000400 0x0000000000000010 xr
m_text           0x0000000000000410 0x0000000000007bf0 xr
m_data           0x000000001ffffe00 0x0000000000000800 rw
*default*        0x0000000000000000 0xffffffffffffffff

Linker script and memory map

LOAD /usr/lib/gcc/arm-none-eabi/5.3.0/armv6-m/crti.o
LOAD /usr/lib/gcc/arm-none-eabi/5.3.0/armv6-m/crtbegin.o
LOAD /usr/lib/gcc/arm-none-eabi/5.3.0/../../../../arm-none-eabi/lib/armv6-m/crt0.o
LOAD build/system_MKL03Z4.o
LOAD build/main.o
LOAD build/delay.o
LOAD build/i2c.o
LOAD build/uart.o
LOAD build/adc.o
LOAD build/startup_MKL03Z4.o
LOAD /usr/lib/gcc/arm-none-eabi/5.3.0/../../../../arm-none-eabi/lib/armv6-m/libm.a
LOAD /usr/lib/gcc/arm-none-eabi/5.3.0/armv6-m/libgcc.a
LOAD /usr/lib/gcc/arm-none-eabi/5.3.0/../../../../arm-none-eabi/lib/armv6-m/libc_nano.a
LOAD /usr/lib/gcc/arm-none-eabi/5.3.0/../../../../arm-none-eabi/lib/armv6-m/libnosys.a
START GROUP
LOAD /usr/lib/gcc/arm-none-eabi/5.3.0/armv6-m/libgcc.a
LOAD /usr/lib/gcc/arm-none-eabi/5.3.0/../../../../arm-none-eabi/lib/armv6-m/libc_nano.a
END GROUP
START GROUP
LOAD /usr/lib/gcc/arm-none-eabi/5.3.0/armv6-m/libgcc.a
LOAD /usr/lib/gcc/arm-none-eabi/5.3.0/../../../../arm-none-eabi/lib/armv6-m/libc_nano.a
END GROUP
LOAD /usr/lib/gcc/arm-none-eabi/5.3.0/armv6-m/crtend.o
LOAD /usr/lib/gcc/arm-none-eabi/5.3.0/armv6-m/crtn.o
                0x0000000000000200                HEAP_SIZE = DEFINED (__heap_size__)?__heap_size__:0x200
                0x0000000000000050                STACK_SIZE = DEFINED (__stack_size__)?__stack_size__:0x50
                0x0000000000000000                M_VECTOR_RAM_SIZE = DEFINED (__ram_vector_table__)?0x100:0x0

.interrupts     0x0000000000000000       0xc0
                0x0000000000000000                __VECTOR_TABLE = .
                0x0000000000000000                . = ALIGN (0x4)
 *(.isr_vector)
 .isr_vector    0x0000000000000000       0xc0 build/startup_MKL03Z4.o
                0x0000000000000000                __isr_vector
                0x00000000000000c0                . = ALIGN (0x4)

.flash_config   0x0000000000000400       0x10
                0x0000000000000400                . = ALIGN (0x4)
 *(.FlashConfig)
 .FlashConfig   0x0000000000000400       0x10 build/startup_MKL03Z4.o
                0x0000000000000410                . = ALIGN (0x4)

.text           0x0000000000000410      0x594
                0x0000000000000410                . = ALIGN (0x4)
 *(.text)
 .text          0x0000000000000410       0x6c /usr/lib/gcc/arm-none-eabi/5.3.0/../../../../arm-none-eabi/lib/armv6-m/crt0.o
                0x0000000000000410                _mainCRTStartup
                0x0000000000000410                _start
 .text          0x000000000000047c       0x14 build/startup_MKL03Z4.o
                0x000000000000047c                Reset_Handler
                0x0000000000000488                Reserved18_IRQHandler
                0x0000000000000488                Reserved16_IRQHandler
                0x0000000000000488                HardFault_Handler
                0x0000000000000488                SysTick_Handler
                0x0000000000000488                PendSV_Handler
                0x0000000000000488                NMI_Handler
                0x0000000000000488                Reserved19_IRQHandler
                0x0000000000000488                Reserved29_IRQHandler
                0x0000000000000488                TPM0_IRQHandler
                0x0000000000000488                LLWU_IRQHandler
                0x0000000000000488                Reserved42_IRQHandler
                0x0000000000000488                Reserved39_IRQHandler
                0x0000000000000488                DefaultISR
                0x0000000000000488                Reserved25_IRQHandler
                0x0000000000000488                PORTB_IRQHandler
                0x0000000000000488                Reserved43_IRQHandler
                0x0000000000000488                RTC_IRQHandler
                0x0000000000000488                Reserved27_IRQHandler
                0x0000000000000488                RTC_Seconds_IRQHandler
                0x0000000000000488                Reserved35_IRQHandler
                0x0000000000000488                Reserved20_IRQHandler
                0x0000000000000488                Reserved17_IRQHandler
                0x0000000000000488                Reserved41_IRQHandler
                0x0000000000000488                SVC_Handler
                0x0000000000000488                LPUART0_IRQHandler
                0x0000000000000488                Reserved45_IRQHandler
                0x0000000000000488                Reserved30_IRQHandler
                0x0000000000000488                PMC_IRQHandler
                0x0000000000000488                TPM1_IRQHandler
                0x0000000000000488                SPI0_IRQHandler
                0x0000000000000488                PORTA_IRQHandler
                0x0000000000000488                FTFA_IRQHandler
                0x0000000000000488                Reserved40_IRQHandler
                0x0000000000000488                Reserved38_IRQHandler
                0x0000000000000488                LPTMR0_IRQHandler
                0x0000000000000488                CMP0_IRQHandler
 *(.text*)
 .text.__do_global_dtors_aux
                0x0000000000000490       0x2c /usr/lib/gcc/arm-none-eabi/5.3.0/armv6-m/crtbegin.o
 .text.frame_dummy
                0x00000000000004bc       0x38 /usr/lib/gcc/arm-none-eabi/5.3.0/armv6-m/crtbegin.o
 .text.SystemInit
                0x00000000000004f4       0x84 build/system_MKL03Z4.o
                0x00000000000004f4                SystemInit
 .text.gpio_init
                0x0000000000000578       0x34 build/main.o
                0x0000000000000578                gpio_init
 .text.startup.main
                0x00000000000005ac       0x24 build/main.o
                0x00000000000005ac                main
 .text.i2cSetupStatus
                0x00000000000005d0       0x14 build/i2c.o
                0x00000000000005d0                i2cSetupStatus
 .text.I2C0_IRQHandler
                0x00000000000005e4       0xc8 build/i2c.o
                0x00000000000005e4                I2C0_IRQHandler
 .text.ADC0_IRQHandler
                0x00000000000006ac       0x68 build/adc.o
                0x00000000000006ac                ADC0_IRQHandler
 .text.atexit   0x0000000000000714       0x10 /usr/lib/gcc/arm-none-eabi/5.3.0/../../../../arm-none-eabi/lib/armv6-m/libc_nano.a(lib_a-atexit.o)
                0x0000000000000714                atexit
 .text.exit     0x0000000000000724       0x2c /usr/lib/gcc/arm-none-eabi/5.3.0/../../../../arm-none-eabi/lib/armv6-m/libc_nano.a(lib_a-exit.o)
                0x0000000000000724                exit
 .text.__libc_fini_array
                0x0000000000000750       0x28 /usr/lib/gcc/arm-none-eabi/5.3.0/../../../../arm-none-eabi/lib/armv6-m/libc_nano.a(lib_a-fini.o)
                0x0000000000000750                __libc_fini_array
 .text.__libc_init_array
                0x0000000000000778       0x4c /usr/lib/gcc/arm-none-eabi/5.3.0/../../../../arm-none-eabi/lib/armv6-m/libc_nano.a(lib_a-init.o)
                0x0000000000000778                __libc_init_array
 .text.memset   0x00000000000007c4       0x10 /usr/lib/gcc/arm-none-eabi/5.3.0/../../../../arm-none-eabi/lib/armv6-m/libc_nano.a(lib_a-memset.o)
                0x00000000000007c4                memset
 .text.__register_exitproc
                0x00000000000007d4       0xb8 /usr/lib/gcc/arm-none-eabi/5.3.0/../../../../arm-none-eabi/lib/armv6-m/libc_nano.a(lib_a-__atexit.o)
                0x00000000000007d4                __register_exitproc
 .text.__call_exitprocs
                0x000000000000088c       0xec /usr/lib/gcc/arm-none-eabi/5.3.0/../../../../arm-none-eabi/lib/armv6-m/libc_nano.a(lib_a-__call_atexit.o)
                0x000000000000088c                __call_exitprocs
 .text._exit    0x0000000000000978        0x4 /usr/lib/gcc/arm-none-eabi/5.3.0/../../../../arm-none-eabi/lib/armv6-m/libnosys.a(_exit.o)
                0x0000000000000978                _exit
 *(.rodata)
 *(.rodata*)
 .rodata.ADCSourceBytes
                0x000000000000097c        0x8 build/adc.o
                0x000000000000097c                ADCSourceBytes
 .rodata.str1.1
                0x0000000000000984        0x2 /usr/lib/gcc/arm-none-eabi/5.3.0/../../../../arm-none-eabi/lib/armv6-m/libc_nano.a(lib_a-impure.o)
 *fill*         0x0000000000000986        0x2 
 .rodata._global_impure_ptr
                0x0000000000000988        0x4 /usr/lib/gcc/arm-none-eabi/5.3.0/../../../../arm-none-eabi/lib/armv6-m/libc_nano.a(lib_a-impure.o)
                0x0000000000000988                _global_impure_ptr
 *(.glue_7)
 .glue_7        0x000000000000098c        0x0 linker stubs
 *(.glue_7t)
 .glue_7t       0x000000000000098c        0x0 linker stubs
 *(.eh_frame)
 .eh_frame      0x000000000000098c        0x0 /usr/lib/gcc/arm-none-eabi/5.3.0/armv6-m/crtbegin.o
 *(.init)
 .init          0x000000000000098c        0x4 /usr/lib/gcc/arm-none-eabi/5.3.0/armv6-m/crti.o
                0x000000000000098c                _init
 .init          0x0000000000000990        0x8 /usr/lib/gcc/arm-none-eabi/5.3.0/armv6-m/crtn.o
 *(.fini)
 .fini          0x0000000000000998        0x4 /usr/lib/gcc/arm-none-eabi/5.3.0/armv6-m/crti.o
                0x0000000000000998                _fini
 .fini          0x000000000000099c        0x8 /usr/lib/gcc/arm-none-eabi/5.3.0/armv6-m/crtn.o
                0x00000000000009a4                . = ALIGN (0x4)

.vfp11_veneer   0x00000000000009a4        0x0
 .vfp11_veneer  0x00000000000009a4        0x0 linker stubs

.v4_bx          0x00000000000009a4        0x0
 .v4_bx         0x00000000000009a4        0x0 linker stubs

.iplt           0x00000000000009a4        0x0
 .iplt          0x00000000000009a4        0x0 /usr/lib/gcc/arm-none-eabi/5.3.0/armv6-m/crtbegin.o

.ARM.extab
 *(.ARM.extab* .gnu.linkonce.armextab.*)

.ARM            0x00000000000009a4        0x8
                0x00000000000009a4                __exidx_start = .
 *(.ARM.exidx*)
 .ARM.exidx     0x00000000000009a4        0x8 /usr/lib/gcc/arm-none-eabi/5.3.0/../../../../arm-none-eabi/lib/armv6-m/crt0.o
                0x00000000000009ac                __exidx_end = .

.rel.dyn        0x00000000000009ac        0x0
 .rel.iplt      0x00000000000009ac        0x0 /usr/lib/gcc/arm-none-eabi/5.3.0/armv6-m/crtbegin.o

.ctors          0x00000000000009ac        0x0
                0x00000000000009ac                __CTOR_LIST__ = .
 *crtbegin.o(.ctors)
 *crtbegin?.o(.ctors)
 *(EXCLUDE_FILE(*crtend.o *crtend?.o) .ctors)
 *(SORT(.ctors.*))
 *(.ctors)
                0x00000000000009ac                __CTOR_END__ = .

.dtors          0x00000000000009ac        0x0
                0x00000000000009ac                __DTOR_LIST__ = .
 *crtbegin.o(.dtors)
 *crtbegin?.o(.dtors)
 *(EXCLUDE_FILE(*crtend.o *crtend?.o) .dtors)
 *(SORT(.dtors.*))
 *(.dtors)
                0x00000000000009ac                __DTOR_END__ = .

.preinit_array  0x00000000000009ac        0x0
                0x00000000000009ac                PROVIDE (__preinit_array_start, .)
 *(.preinit_array*)
                0x00000000000009ac                PROVIDE (__preinit_array_end, .)

.init_array     0x00000000000009ac        0x4
                0x00000000000009ac                PROVIDE (__init_array_start, .)
 *(SORT(.init_array.*))
 *(.init_array*)
 .init_array    0x00000000000009ac        0x4 /usr/lib/gcc/arm-none-eabi/5.3.0/armv6-m/crtbegin.o
                0x00000000000009b0                PROVIDE (__init_array_end, .)

.fini_array     0x00000000000009b0        0x4
                0x00000000000009b0                PROVIDE (__fini_array_start, .)
 *(SORT(.fini_array.*))
 *(.fini_array*)
 .fini_array    0x00000000000009b0        0x4 /usr/lib/gcc/arm-none-eabi/5.3.0/armv6-m/crtbegin.o
                0x00000000000009b4                PROVIDE (__fini_array_end, .)
                0x00000000000009b4                __etext = .
                0x00000000000009b4                __DATA_ROM = .

.mtb            0x000000001ffffe00        0x0
                0x000000001ffffe00                . = ALIGN (0x8)
                0x000000001ffffe00                _mtb_start = .
 *(.mtb_buf)
                0x000000001ffffe00                . = ALIGN (0x8)
                0x000000001ffffe00                _mtb_end = .

.interrupts_ram
                0x000000001ffffe00        0x0
                0x000000001ffffe00                . = ALIGN (0x4)
                0x000000001ffffe00                __VECTOR_RAM__ = .
                0x000000001ffffe00                __interrupts_ram_start__ = .
 *(.m_interrupts_ram)
                0x000000001ffffe00                . = (. + M_VECTOR_RAM_SIZE)
                0x000000001ffffe00                . = ALIGN (0x4)
                0x000000001ffffe00                __interrupts_ram_end__ = .
                0x0000000000000000                __VECTOR_RAM = DEFINED (__ram_vector_table__)?__VECTOR_RAM__:ORIGIN (m_interrupts)
                0x0000000000000000                __RAM_VECTOR_TABLE_SIZE_BYTES = DEFINED (__ram_vector_table__)?(__interrupts_ram_end__ - __interrupts_ram_start__):0x0

.data           0x000000001ffffe00       0x64 load address 0x00000000000009b4
                0x000000001ffffe00                . = ALIGN (0x4)
                0x000000001ffffe00                __DATA_RAM = .
                0x000000001ffffe00                __data_start__ = .
 *(.data)
 *(.data*)
 .data.impure_data
                0x000000001ffffe00       0x60 /usr/lib/gcc/arm-none-eabi/5.3.0/../../../../arm-none-eabi/lib/armv6-m/libc_nano.a(lib_a-impure.o)
 *(.jcr*)
 .jcr           0x000000001ffffe60        0x0 /usr/lib/gcc/arm-none-eabi/5.3.0/armv6-m/crtbegin.o
 .jcr           0x000000001ffffe60        0x4 /usr/lib/gcc/arm-none-eabi/5.3.0/armv6-m/crtend.o
                0x000000001ffffe64                . = ALIGN (0x4)
                0x000000001ffffe64                __data_end__ = .
                0x0000000000000a18                __DATA_END = (__DATA_ROM + (__data_end__ - __data_start__))

.igot.plt       0x000000001ffffe64        0x0 load address 0x0000000000000a18
 .igot.plt      0x000000001ffffe64        0x0 /usr/lib/gcc/arm-none-eabi/5.3.0/armv6-m/crtbegin.o

.bss            0x000000001ffffe64      0x138 load address 0x0000000000000a18
                0x000000001ffffe64                . = ALIGN (0x4)
                0x000000001ffffe64                __START_BSS = .
                0x000000001ffffe64                __bss_start__ = .
 *(.bss)
 *(.bss*)
 .bss.completed.8361
                0x000000001ffffe64        0x1 /usr/lib/gcc/arm-none-eabi/5.3.0/armv6-m/crtbegin.o
 *fill*         0x000000001ffffe65        0x3 
 .bss.object.8366
                0x000000001ffffe68       0x18 /usr/lib/gcc/arm-none-eabi/5.3.0/armv6-m/crtbegin.o
 .bss._global_atexit0
                0x000000001ffffe80       0x8c /usr/lib/gcc/arm-none-eabi/5.3.0/../../../../arm-none-eabi/lib/armv6-m/libc_nano.a(lib_a-__atexit.o)
 .bss._global_atexit
                0x000000001fffff0c        0x4 /usr/lib/gcc/arm-none-eabi/5.3.0/../../../../arm-none-eabi/lib/armv6-m/libc_nano.a(lib_a-__call_atexit.o)
                0x000000001fffff0c                _global_atexit
 *(COMMON)
 COMMON         0x000000001fffff10       0x54 build/i2c.o
                0x000000001fffff10                txBufFilled
                0x000000001fffff14                txIndex
                0x000000001fffff18                registers
                0x000000001fffff22                txBuf
                0x000000001fffff40                dummy_read
                0x000000001fffff41                rxBuf
                0x000000001fffff5f                destAddress
                0x000000001fffff60                rxIndex
 COMMON         0x000000001fffff64       0x38 build/adc.o
                0x000000001fffff64                ADCConversionMult
                0x000000001fffff84                ADCResultDirty
                0x000000001fffff88                ADCResults
                0x000000001fffff98                ADCResultIndex
                0x000000001fffff9c                . = ALIGN (0x4)
                0x000000001fffff9c                __bss_end__ = .
                0x000000001fffff9c                __END_BSS = .

.heap           0x000000001fffff9c      0x204 load address 0x0000000000000b50
                0x000000001fffffa0                . = ALIGN (0x8)
 *fill*         0x000000001fffff9c        0x4 
                0x000000001fffffa0                __end__ = .
                [!provide]                        PROVIDE (end, .)
                0x000000001fffffa0                __HeapBase = .
                0x00000000200001a0                . = (. + HEAP_SIZE)
 *fill*         0x000000001fffffa0      0x200 
                0x00000000200001a0                __HeapLimit = .

.stack          0x00000000200001a0       0x50 load address 0x0000000000000d54
                0x00000000200001a0                . = ALIGN (0x8)
                0x00000000200001f0                . = (. + STACK_SIZE)
 *fill*         0x00000000200001a0       0x50 
                0x0000000020000600                __StackTop = (ORIGIN (m_data) + 0x800)
                0x00000000200005b0                __StackLimit = (__StackTop - STACK_SIZE)
                0x0000000020000600                PROVIDE (__stack, __StackTop)

.ARM.attributes
                0x0000000000000000       0x28
 *(.ARM.attributes)
 .ARM.attributes
                0x0000000000000000       0x1e /usr/lib/gcc/arm-none-eabi/5.3.0/armv6-m/crti.o
 .ARM.attributes
                0x000000000000001e       0x2c /usr/lib/gcc/arm-none-eabi/5.3.0/armv6-m/crtbegin.o
 .ARM.attributes
                0x000000000000004a       0x1b /usr/lib/gcc/arm-none-eabi/5.3.0/../../../../arm-none-eabi/lib/armv6-m/crt0.o
 .ARM.attributes
                0x0000000000000065       0x32 build/system_MKL03Z4.o
 .ARM.attributes
                0x0000000000000097       0x32 build/main.o
 .ARM.attributes
                0x00000000000000c9       0x32 build/i2c.o
 .ARM.attributes
                0x00000000000000fb       0x32 build/adc.o
 .ARM.attributes
                0x000000000000012d       0x1b build/startup_MKL03Z4.o
 .ARM.attributes
                0x0000000000000148       0x2c /usr/lib/gcc/arm-none-eabi/5.3.0/../../../../arm-none-eabi/lib/armv6-m/libc_nano.a(lib_a-atexit.o)
 .ARM.attributes
                0x0000000000000174       0x2c /usr/lib/gcc/arm-none-eabi/5.3.0/../../../../arm-none-eabi/lib/armv6-m/libc_nano.a(lib_a-exit.o)
 .ARM.attributes
                0x00000000000001a0       0x2c /usr/lib/gcc/arm-none-eabi/5.3.0/../../../../arm-none-eabi/lib/armv6-m/libc_nano.a(lib_a-fini.o)
 .ARM.attributes
                0x00000000000001cc       0x2c /usr/lib/gcc/arm-none-eabi/5.3.0/../../../../arm-none-eabi/lib/armv6-m/libc_nano.a(lib_a-impure.o)
 .ARM.attributes
                0x00000000000001f8       0x2c /usr/lib/gcc/arm-none-eabi/5.3.0/../../../../arm-none-eabi/lib/armv6-m/libc_nano.a(lib_a-init.o)
 .ARM.attributes
                0x0000000000000224       0x2c /usr/lib/gcc/arm-none-eabi/5.3.0/../../../../arm-none-eabi/lib/armv6-m/libc_nano.a(lib_a-memset.o)
 .ARM.attributes
                0x0000000000000250       0x2c /usr/lib/gcc/arm-none-eabi/5.3.0/../../../../arm-none-eabi/lib/armv6-m/libc_nano.a(lib_a-__atexit.o)
 .ARM.attributes
                0x000000000000027c       0x2c /usr/lib/gcc/arm-none-eabi/5.3.0/../../../../arm-none-eabi/lib/armv6-m/libc_nano.a(lib_a-__call_atexit.o)
 .ARM.attributes
                0x00000000000002a8       0x2c /usr/lib/gcc/arm-none-eabi/5.3.0/../../../../arm-none-eabi/lib/armv6-m/libnosys.a(_exit.o)
 .ARM.attributes
                0x00000000000002d4       0x2c /usr/lib/gcc/arm-none-eabi/5.3.0/armv6-m/crtend.o
 .ARM.attributes
                0x0000000000000300       0x1e /usr/lib/gcc/arm-none-eabi/5.3.0/armv6-m/crtn.o
                0x0000000000000001                ASSERT ((__StackLimit >= __HeapLimit), region m_data overflowed with stack and heap)
OUTPUT(build/gpio_demo_frdmkl03z.elf elf32-littlearm)

.comment        0x0000000000000000       0x1d
 .comment       0x0000000000000000       0x1d build/system_MKL03Z4.o
                                         0x1e (size before relaxing)
 .comment       0x000000000000001d       0x1e build/main.o
 .comment       0x000000000000001d       0x1e build/i2c.o
 .comment       0x000000000000001d       0x1e build/adc.o

.debug_frame    0x0000000000000000      0x14c
 .debug_frame   0x0000000000000000       0x28 /usr/lib/gcc/arm-none-eabi/5.3.0/../../../../arm-none-eabi/lib/armv6-m/libc_nano.a(lib_a-atexit.o)
 .debug_frame   0x0000000000000028       0x28 /usr/lib/gcc/arm-none-eabi/5.3.0/../../../../arm-none-eabi/lib/armv6-m/libc_nano.a(lib_a-exit.o)
 .debug_frame   0x0000000000000050       0x2c /usr/lib/gcc/arm-none-eabi/5.3.0/../../../../arm-none-eabi/lib/armv6-m/libc_nano.a(lib_a-fini.o)
 .debug_frame   0x000000000000007c       0x2c /usr/lib/gcc/arm-none-eabi/5.3.0/../../../../arm-none-eabi/lib/armv6-m/libc_nano.a(lib_a-init.o)
 .debug_frame   0x00000000000000a8       0x20 /usr/lib/gcc/arm-none-eabi/5.3.0/../../../../arm-none-eabi/lib/armv6-m/libc_nano.a(lib_a-memset.o)
 .debug_frame   0x00000000000000c8       0x34 /usr/lib/gcc/arm-none-eabi/5.3.0/../../../../arm-none-eabi/lib/armv6-m/libc_nano.a(lib_a-__atexit.o)
 .debug_frame   0x00000000000000fc       0x30 /usr/lib/gcc/arm-none-eabi/5.3.0/../../../../arm-none-eabi/lib/armv6-m/libc_nano.a(lib_a-__call_atexit.o)
 .debug_frame   0x000000000000012c       0x20 /usr/lib/gcc/arm-none-eabi/5.3.0/../../../../arm-none-eabi/lib/armv6-m/libnosys.a(_exit.o)
